// Jest Snapshot v1, https://goo.gl/fbAQLP

exports[`should render ExpenseDashboardPage 1`] = `
<div
  className="content-container"
>
  <Connect(ExpenseTotalLine) />
  <Connect(ExpenseListFilters) />
  <Connect(ExpenseList) />
</div>
`;
