// Jest Snapshot v1, https://goo.gl/fbAQLP

exports[`should render NotFoundPage 1`] = `
<div>
  Error 404: This page not found! 
  <Link
    replace={false}
    to="/"
  >
    Home
  </Link>
</div>
`;
